[    1208ms] [ERROR] Failed to load resource: the server responded with a status of 404 (Not Found) @ http://localhost:5177/sounds/ambient.mp3:0
[   14112ms] [ERROR] Failed to load resource: the server responded with a status of 404 (Not Found) @ http://localhost:5177/sounds/ambient.mp3:0
[  101893ms] [ERROR] Failed to load resource: the server responded with a status of 404 (Not Found) @ http://localhost:5177/sounds/ambient.mp3:0
[  138886ms] [ERROR] Failed to load resource: the server responded with a status of 404 (Not Found) @ http://localhost:5177/sounds/ambient.mp3:0
[  326015ms] [INFO] Launched external handler for 'mailto:hello@astro.example?subject=New%20enquiry%20from%20Ehab%20Hasan&body=We%20are%20building%20a%20clinic%20operating%20system%20and%20want%20a%20website%20for%20it.%0A%0A%E2%80%94%20Ehab%20Hasan%0Asomeone%40example.com'. @ http://localhost:5177/:0
[  352584ms] [ERROR] Failed to load resource: the server responded with a status of 500 (Internal Server Error) @ http://localhost:5177/__contact-fail:0
[  364989ms] [ERROR] Failed to load resource: the server responded with a status of 404 (Not Found) @ http://localhost:5177/sounds/ambient.mp3:0
[  385993ms] [ERROR] Failed to load resource: the server responded with a status of 404 (Not Found) @ http://localhost:5177/sounds/ambient.mp3:0
[  411718ms] [ERROR] Failed to load resource: the server responded with a status of 404 (Not Found) @ http://localhost:5177/sounds/ambient.mp3:0
[  448393ms] [ERROR] Failed to load resource: the server responded with a status of 404 (Not Found) @ http://localhost:5177/sounds/ambient.mp3:0
[  509137ms] [ERROR] Failed to load resource: the server responded with a status of 404 (Not Found) @ http://localhost:5177/sounds/ambient.mp3:0
[  510231ms] [ERROR] Failed to load resource: the server responded with a status of 404 (Not Found) @ http://localhost:5177/sounds/ambient.mp3:0
[  511461ms] [ERROR] Failed to load resource: the server responded with a status of 404 (Not Found) @ http://localhost:5177/sounds/ambient.mp3:0
[  679071ms] [ERROR] Failed to load resource: the server responded with a status of 404 (Not Found) @ http://localhost:5177/sounds/ambient.mp3:0
[  738450ms] [ERROR] Failed to load resource: the server responded with a status of 404 (Not Found) @ http://localhost:5177/sounds/ambient.mp3:0
[  740962ms] [ERROR] Failed to load resource: the server responded with a status of 404 (Not Found) @ http://localhost:5177/sounds/ambient.mp3:0
[  744110ms] [INFO] Launched external handler for 'mailto:hello@astro.example?subject=New%20enquiry%20from%20Ehab%20Hasan&body=We%20are%20building%20a%20clinic%20operating%20system.%0A%0A%E2%80%94%20Ehab%20Hasan%0Asomeone%40example.com'. @ http://localhost:5177/:0
[  745455ms] [ERROR] Failed to load resource: the server responded with a status of 404 (Not Found) @ http://localhost:5177/sounds/ambient.mp3:0
[  747990ms] [ERROR] Failed to load resource: the server responded with a status of 404 (Not Found) @ http://localhost:5177/sounds/ambient.mp3:0
[  818048ms] [ERROR] Failed to load resource: the server responded with a status of 404 (Not Found) @ http://localhost:5177/sounds/ambient.mp3:0
[  821246ms] [ERROR] Failed to load resource: the server responded with a status of 404 (Not Found) @ http://localhost:5177/sounds/ambient.mp3:0
[  898569ms] [ERROR] Failed to load resource: the server responded with a status of 404 (Not Found) @ http://localhost:5177/sounds/ambient.mp3:0
[  901745ms] [ERROR] Failed to load resource: the server responded with a status of 404 (Not Found) @ http://localhost:5177/sounds/ambient.mp3:0
[  959661ms] [ERROR] Failed to load resource: the server responded with a status of 404 (Not Found) @ http://localhost:5177/sounds/ambient.mp3:0
[  962841ms] [ERROR] Failed to load resource: the server responded with a status of 404 (Not Found) @ http://localhost:5177/sounds/ambient.mp3:0
[ 1017500ms] [ERROR] Failed to load resource: the server responded with a status of 404 (Not Found) @ http://localhost:5177/sounds/ambient.mp3:0
[ 1020701ms] [ERROR] Failed to load resource: the server responded with a status of 404 (Not Found) @ http://localhost:5177/sounds/ambient.mp3:0
[ 1068987ms] [ERROR] Failed to load resource: the server responded with a status of 404 (Not Found) @ http://localhost:5177/sounds/ambient.mp3:0
[ 1072187ms] [ERROR] Failed to load resource: the server responded with a status of 404 (Not Found) @ http://localhost:5177/sounds/ambient.mp3:0
[ 1148511ms] [ERROR] Failed to load resource: the server responded with a status of 404 (Not Found) @ http://localhost:5177/sounds/ambient.mp3:0
[ 1151710ms] [ERROR] Failed to load resource: the server responded with a status of 404 (Not Found) @ http://localhost:5177/sounds/ambient.mp3:0
[ 1204299ms] [ERROR] Failed to load resource: the server responded with a status of 404 (Not Found) @ http://localhost:5177/sounds/ambient.mp3:0
[ 1223104ms] [ERROR] Failed to load resource: the server responded with a status of 404 (Not Found) @ http://localhost:5177/sounds/ambient.mp3:0
[ 1226218ms] [ERROR] Failed to load resource: the server responded with a status of 404 (Not Found) @ http://localhost:5177/sounds/ambient.mp3:0
[ 1694052ms] [ERROR] Failed to load resource: the server responded with a status of 404 (Not Found) @ http://localhost:5177/sounds/ambient.mp3:0
[ 1719737ms] [ERROR] Failed to load resource: the server responded with a status of 404 (Not Found) @ http://localhost:5177/sounds/ambient.mp3:0
[ 1744671ms] [ERROR] Failed to load resource: the server responded with a status of 404 (Not Found) @ http://localhost:5177/sounds/ambient.mp3:0
[ 1753034ms] [ERROR] Failed to load resource: the server responded with a status of 404 (Not Found) @ http://localhost:5177/sounds/ambient.mp3:0
[ 1770165ms] [ERROR] Failed to load resource: the server responded with a status of 404 (Not Found) @ http://localhost:5177/sounds/ambient.mp3:0
[ 1782060ms] [ERROR] Failed to load resource: the server responded with a status of 404 (Not Found) @ http://localhost:5177/sounds/ambient.mp3:0
[ 1784834ms] [ERROR] Failed to load resource: the server responded with a status of 404 (Not Found) @ http://localhost:5177/sounds/ambient.mp3:0
[ 1809061ms] [ERROR] Failed to load resource: the server responded with a status of 404 (Not Found) @ http://localhost:5177/sounds/ambient.mp3:0
[ 1811999ms] [ERROR] Failed to load resource: the server responded with a status of 404 (Not Found) @ http://localhost:5177/sounds/ambient.mp3:0
[ 2009218ms] [ERROR] Failed to load resource: the server responded with a status of 404 (Not Found) @ http://localhost:5177/sounds/ambient.mp3:0
[ 2132641ms] [ERROR] Failed to load resource: the server responded with a status of 404 (Not Found) @ http://localhost:5177/sounds/ambient.mp3:0
[ 2135785ms] [ERROR] Failed to load resource: the server responded with a status of 404 (Not Found) @ http://localhost:5177/sounds/ambient.mp3:0
[ 2184980ms] [ERROR] Failed to load resource: the server responded with a status of 404 (Not Found) @ http://localhost:5177/sounds/ambient.mp3:0
[ 2200110ms] [ERROR] Failed to load resource: the server responded with a status of 404 (Not Found) @ http://localhost:5177/sounds/ambient.mp3:0
[ 2203299ms] [ERROR] Failed to load resource: the server responded with a status of 404 (Not Found) @ http://localhost:5177/sounds/ambient.mp3:0
[ 2561220ms] [ERROR] Failed to load resource: the server responded with a status of 404 (Not Found) @ http://localhost:5177/sounds/ambient.mp3:0
[ 2564022ms] [ERROR] Failed to load resource: the server responded with a status of 404 (Not Found) @ http://localhost:5177/sounds/ambient.mp3:0
[ 2667784ms] [LOG] [vite] server connection lost. Polling for restart... @ http://localhost:5177/@vite/client:1002
[ 2690968ms] [ERROR] Failed to load resource: the server responded with a status of 404 (Not Found) @ http://localhost:5178/sounds/ambient.mp3:0
[ 2693984ms] [ERROR] Failed to load resource: the server responded with a status of 404 (Not Found) @ http://localhost:5178/sounds/ambient.mp3:0
[ 2746880ms] [ERROR] Failed to load resource: the server responded with a status of 404 (Not Found) @ http://localhost:5178/sounds/ambient.mp3:0
[ 2750042ms] [ERROR] Failed to load resource: the server responded with a status of 404 (Not Found) @ http://localhost:5178/sounds/ambient.mp3:0
[ 2831129ms] [LOG] [vite] server connection lost. Polling for restart... @ http://localhost:5178/@vite/client:1002
[ 2861914ms] [ERROR] Failed to load resource: the server responded with a status of 404 (Not Found) @ http://localhost:5179/sounds/ambient.mp3:0
[ 2864807ms] [ERROR] Failed to load resource: the server responded with a status of 404 (Not Found) @ http://localhost:5179/sounds/ambient.mp3:0
[ 2956298ms] [ERROR] Failed to load resource: the server responded with a status of 404 (Not Found) @ http://localhost:5179/sounds/ambient.mp3:0
[ 2959385ms] [ERROR] Failed to load resource: the server responded with a status of 404 (Not Found) @ http://localhost:5179/sounds/ambient.mp3:0
[ 3041221ms] [ERROR] Failed to load resource: the server responded with a status of 404 (Not Found) @ http://localhost:5179/sounds/ambient.mp3:0
[ 3044162ms] [ERROR] Failed to load resource: the server responded with a status of 404 (Not Found) @ http://localhost:5179/sounds/ambient.mp3:0
[ 3143676ms] [ERROR] Failed to load resource: the server responded with a status of 404 (Not Found) @ http://localhost:5179/sounds/ambient.mp3:0
[ 3161748ms] [ERROR] Failed to load resource: the server responded with a status of 404 (Not Found) @ http://localhost:5179/sounds/ambient.mp3:0
[ 3164860ms] [ERROR] Failed to load resource: the server responded with a status of 404 (Not Found) @ http://localhost:5179/sounds/ambient.mp3:0
[ 3355884ms] [ERROR] Failed to load resource: the server responded with a status of 404 (Not Found) @ http://localhost:5179/sounds/ambient.mp3:0
[ 3359003ms] [ERROR] Failed to load resource: the server responded with a status of 404 (Not Found) @ http://localhost:5179/sounds/ambient.mp3:0
[ 3413174ms] [ERROR] Failed to load resource: the server responded with a status of 404 (Not Found) @ http://localhost:5179/sounds/ambient.mp3:0
[ 3442127ms] [LOG] [vite] server connection lost. Polling for restart... @ http://localhost:5179/@vite/client:1002
